General:
 DEPTH    index
 ADPTH    scalar data
 ELTIM    scalar data
 HOURS    scalar data
 TVOLT    scalar data
 TCURR    scalar data
 LSPD     scalar data
 LTEN     scalar data
 SPEED    scalar data
 BOREID   scalar variable
 CASEID   scalar variable
 CASEOD   scalar variable
 BOTTEMP  scalar variable
 PERFS    scalar variable
 TBHV     scalar data
 ABHV     scalar data
 WELLOBJ  scalar gstrip
 MINMK    scalar data
 HVOLTX   scalar data
Gamma Ray:
 GR       scalar data
Collar Locator: 
 CCL      scalar data
 CCLP     scalar data
 CCLM     scalar data
3 Arm Caliper:
 CAL      scalar data
X-Y Caliper:
 XCAL     scalar data
 YCAL     scalar data
Temperature:
 TEMP     scalar data
 DTMP     scalar data
 DTEMP    scalar data
 ITEMP    scalar data
 ITEMPX   scalar data
Quartz Pressure:
 QP       scalar data
 QTMP     scalar data
 QP#2     scalar data
 QTMP#2   scalar data
Flowmeters:
 FRATE    scalar data
 CFB      scalar data
 ILS      scalar data
 CFS      scalar data
 CFJ      scalar data
 DBT      scalar data
 CFBRATE  scalar data
 ILSRATE  scalar data
 CFSRATE  scalar data
 CFJRATE  scalar data
 DBTRATE  scalar data
Capacitance Water Holdup:
 CWH      scalar data
 CWHRATE  scalar data
Fluid Density (Radioactive):
 DENR     scalar data
 FDRC     scalar data
Fluid Density (Diff Pressure):
 FDEN     scalar data
 FDENC    scalar data
 FDPRATE  scalar data
 DENP     scalar data
Fluid Density (Diff Pressure Gauge):
 FDDDEN   scalar data
 FDDDAP   scalar data
 FDDACC   scalar data
 FDDBO    scalar data
 FDDDEVI  scalar data
 FDDP     scalar data
 FDDT     scalar data
 FDDA     scalar data
Fluid Density (Inertial):
 FDIF     scalar data
 FDIT     scalar data
 FDIB     scalar data
 FDIRPD   scalar data
 FDICPD   scalar data
 FDIDAP   scalar data
 FDIDEN   scalar data
 FDIVIS   scalar data
Inclinometer/Accelerometer:
 ACCE     scalar data
 DEVI     scalar data
Head Tension:
 HTEN     scalar data
Gas Hold-Up:
 YG       scalar data
 INVBG    scalar data
 Z        scalar data
 GHTRATE  scalar data
Wellhead Monitoring:
 WTEMP    scalar data
 WPRES    scalar data
Capacitance Array:
 CATROT   scalar data
 CATDEV   scalar data
 CAPHVD   waveform data
 CAPHVD2  waveform data
 NCAP01   scalar data
 NCAP02   scalar data
 NCAP03   scalar data
 NCAP04   scalar data
 NCAP05   scalar data
 NCAP06   scalar data
 NCAP07   scalar data
 NCAP08   scalar data
 NCAP09   scalar data
 NCAP10   scalar data
 NCAP11   scalar data
 NCAP12   scalar data
 RCAP01   scalar data
 RCAP02   scalar data
 RCAP03   scalar data
 RCAP04   scalar data
 RCAP05   scalar data
 RCAP06   scalar data
 RCAP07   scalar data
 RCAP08   scalar data
 RCAP09   scalar data
 RCAP10   scalar data
 RCAP11   scalar data
 RCAP12   scalar data
Spinner Array:
 SPIN1    scalar data
 SPIN2    scalar data
 SPIN3    scalar data
 SPIN4    scalar data
 SPIN5    scalar data
 SPIN6    scalar data
 TEMP1    scalar data
 TEMP2    scalar data
 TEMP3    scalar data
 TEMP4    scalar data
 TEMP5    scalar data
 TEMP6    scalar data
 SATDEV   scalar data
 SATROT   scalar data
 SATVDL   waveform data
 FLOW1    scalar data
 FLOW2    scalar data
 FLOW3    scalar data
 FLOW4    scalar data
 FLOW5    scalar data
 FLOW6    scalar data
Resistance Array:
 RATMN01  scalar data
 RATMN02  scalar data
 RATMN03  scalar data
 RATMN04  scalar data
 RATMN05  scalar data
 RATMN06  scalar data
 RATMN07  scalar data
 RATMN08  scalar data
 RATMN09  scalar data
 RATMN10  scalar data
 RATMN11  scalar data
 RATMN12  scalar data
 RATSD01  scalar data
 RATSD02  scalar data
 RATSD03  scalar data
 RATSD04  scalar data
 RATSD05  scalar data
 RATSD06  scalar data
 RATSD07  scalar data
 RATSD08  scalar data
 RATSD09  scalar data
 RATSD10  scalar data
 RATSD11  scalar data
 RATSD12  scalar data
 RATHU01  scalar data
 RATHU02  scalar data
 RATHU03  scalar data
 RATHU04  scalar data
 RATHU05  scalar data
 RATHU06  scalar data
 RATHU07  scalar data
 RATHU08  scalar data
 RATHU09  scalar data
 RATHU10  scalar data
 RATHU11  scalar data
 RATHU12  scalar data
 RATTEMP  scalar data
 RATROT	  scalar data
 RATDEV	  scalar data
 RATHS01  waveform data
 RATHS02  waveform data
 RATHS03  waveform data
 RATHS04  waveform data
 RATHS05  waveform data
 RATHS06  waveform data
 RATHS07  waveform data
 RATHS08  waveform data
 RATHS09  waveform data
 RATHS10  waveform data
 RATHS11  waveform data
 RATHS12  waveform data
 RATHVD	  waveform data
Ultrasonic Thickness:
 UTTROT   scalar data
 ST1      scalar data
 ST2      scalar data
 ST3      scalar data
 ST4      scalar data
 ST5      scalar data
 ST6      scalar data
 ST7      scalar data
 ST8      scalar data
 TH11     scalar data
 TH12     scalar data
 TH13     scalar data
 TH21     scalar data
 TH22     scalar data
 TH23     scalar data
 TH31     scalar data
 TH32     scalar data
 TH33     scalar data
 TH41     scalar data
 TH42     scalar data
 TH43     scalar data
 TH51     scalar data
 TH52     scalar data
 TH53     scalar data
 TH61     scalar data
 TH62     scalar data
 TH63     scalar data
 TH71     scalar data
 TH72     scalar data
 TH73     scalar data
 TH81     scalar data
 TH82     scalar data
 TH83     scalar data
 TT11     scalar data
 TT12     scalar data
 TT13     scalar data
 TT14     scalar data
 TT21     scalar data
 TT22     scalar data
 TT23     scalar data
 TT24     scalar data
 TT31     scalar data
 TT32     scalar data
 TT33     scalar data
 TT34     scalar data
 TT41     scalar data
 TT42     scalar data
 TT43     scalar data
 TT44     scalar data
 TT51     scalar data
 TT52     scalar data
 TT53     scalar data
 TT54     scalar data
 TT61     scalar data
 TT62     scalar data
 TT63     scalar data
 TT64     scalar data
 TT71     scalar data
 TT72     scalar data
 TT73     scalar data
 TT74     scalar data
 TT81     scalar data
 TT82     scalar data
 TT83     scalar data
 TT84     scalar data
 AM11     scalar data
 AM12     scalar data
 AM13     scalar data
 AM14     scalar data
 AM21     scalar data
 AM22     scalar data
 AM23     scalar data
 AM24     scalar data
 AM31     scalar data
 AM32     scalar data
 AM33     scalar data
 AM34     scalar data
 AM41     scalar data
 AM42     scalar data
 AM43     scalar data
 AM44     scalar data
 AM51     scalar data
 AM52     scalar data
 AM53     scalar data
 AM54     scalar data
 AM61     scalar data
 AM62     scalar data
 AM63     scalar data
 AM64     scalar data
 AM71     scalar data
 AM72     scalar data
 AM73     scalar data
 AM74     scalar data
 AM81     scalar data
 AM82     scalar data
 AM83     scalar data
 AM84     scalar data
 C1G0     scalar data
 C1G1     scalar data
 C1G2     scalar data
 C2G0     scalar data
 C2G1     scalar data
 C2G2     scalar data
 C3G0     scalar data
 C3G1     scalar data
 C3G2     scalar data
 C4G0     scalar data
 C4G1     scalar data
 C4G2     scalar data
 C5G0     scalar data
 C5G1     scalar data
 C5G2     scalar data
 C6G0     scalar data
 C6G1     scalar data
 C6G2     scalar data
 C7G0     scalar data
 C7G1     scalar data
 C7G2     scalar data
 C8G0     scalar data
 C8G1     scalar data
 C8G2     scalar data
 C1CT     scalar data
 C2CT     scalar data
 C3CT     scalar data
 C4CT     scalar data
 C5CT     scalar data
 C6CT     scalar data
 C7CT     scalar data
 C8CT     scalar data
 USTAT1   scalar data
 USTAT2   scalar data
 USTAT3   scalar data
 USTAT4   scalar data
 WF1      waveform data
 WF2      waveform data
 WF3      waveform data
 WF4      waveform data
 WF5      waveform data
 WF6      waveform data
 WF7      waveform data
 WF8      waveform data
Multi-Finger Caliper:
 AVEDIA   scalar data
 MINDIA   scalar data
 MAXDIA   scalar data
 AVERAD   scalar data
 MINRAD   scalar data
 MAXRAD   scalar data
 CENTOFF  scalar data
 CENTANG  scalar data
 MITROT   scalar data
 MITDEV   scalar data
 MCALHI   scalar data
 MCALLO   scalar data
 MRTEMP   scalar data
 MITTEMP  scalar data
 FINGVD   waveform data
 FING01   scalar data
 FING02   scalar data
 FING03   scalar data
 FING04   scalar data
 FING05   scalar data
 FING06   scalar data
 FING07   scalar data
 FING08   scalar data
 FING09   scalar data
 FING10   scalar data
 FING11   scalar data
 FING12   scalar data
 FING13   scalar data
 FING14   scalar data
 FING15   scalar data
 FING16   scalar data
 FING17   scalar data
 FING18   scalar data
 FING19   scalar data
 FING20   scalar data
 FING21   scalar data
 FING22   scalar data
 FING23   scalar data
 FING24   scalar data
 FING25   scalar data
 FING26   scalar data
 FING27   scalar data
 FING28   scalar data
 FING29   scalar data
 FING30   scalar data
 FING31   scalar data
 FING32   scalar data
 FING33   scalar data
 FING34   scalar data
 FING35   scalar data
 FING36   scalar data
 FING37   scalar data
 FING38   scalar data
 FING39   scalar data
 FING40   scalar data
 FING41   scalar data
 FING42   scalar data
 FING43   scalar data
 FING44   scalar data
 FING45   scalar data
 FING46   scalar data
 FING47   scalar data
 FING48   scalar data
 FING49   scalar data
 FING50   scalar data
 FING51   scalar data
 FING52   scalar data
 FING53   scalar data
 FING54   scalar data
 FING55   scalar data
 FING56   scalar data
 FING57   scalar data
 FING58   scalar data
 FING59   scalar data
 FING60   scalar data
 FING61   scalar data
 FING62   scalar data
 FING63   scalar data
 FING64   scalar data
 FING65   scalar data
 FING66   scalar data
 FING67   scalar data
 FING68   scalar data
 FING69   scalar data
 FING70   scalar data
 FING71   scalar data
 FING72   scalar data
 FING73   scalar data
 FING74   scalar data
 FING75   scalar data
 FING76   scalar data
 FING77   scalar data
 FING78   scalar data
 FING79   scalar data
 FING80   scalar data
 DIAM01   scalar data
 DIAM02   scalar data
 DIAM03   scalar data
 DIAM04   scalar data
 DIAM05   scalar data
 DIAM06   scalar data
 DIAM07   scalar data
 DIAM08   scalar data
 DIAM09   scalar data
 DIAM10   scalar data
 DIAM11   scalar data
 DIAM12   scalar data
 DIAM13   scalar data
 DIAM14   scalar data
 DIAM15   scalar data
 DIAM16   scalar data
 DIAM17   scalar data
 DIAM18   scalar data
 DIAM19   scalar data
 DIAM20   scalar data
 DIAM21   scalar data
 DIAM22   scalar data
 DIAM23   scalar data
 DIAM24   scalar data
 DIAM25   scalar data
 DIAM26   scalar data
 DIAM27   scalar data
 DIAM28   scalar data
 DIAM29   scalar data
 DIAM30   scalar data
 DIAM31   scalar data
 DIAM32   scalar data
 DIAM33   scalar data
 DIAM34   scalar data
 DIAM35   scalar data
 DIAM36   scalar data
 DIAM37   scalar data
 DIAM38   scalar data
 DIAM39   scalar data
 DIAM40   scalar data
Magnetic Thickness:
 MTTROT   scalar data
 MTTSTAT  scalar data
 MTTFREQ  scalar data
 MTTSRATE scalar data
 MTTP01   scalar data
 MTTP02   scalar data
 MTTP03   scalar data
 MTTP04   scalar data
 MTTP05   scalar data
 MTTP06   scalar data
 MTTP07   scalar data
 MTTP08   scalar data
 MTTP09   scalar data
 MTTP10   scalar data
 MTTP11   scalar data
 MTTP12   scalar data
 MTTA01   scalar data
 MTTA02   scalar data
 MTTA03   scalar data
 MTTA04   scalar data
 MTTA05   scalar data
 MTTA06   scalar data
 MTTA07   scalar data
 MTTA08   scalar data
 MTTA09   scalar data
 MTTA10   scalar data
 MTTA11   scalar data
 MTTA12   scalar data
 MTTVDL   waveform data
 MTTMP    scalar data
 MTHMN    scalar data
 MTH01    scalar data
 MTH02    scalar data
 MTH03    scalar data
 MTH04    scalar data
 MTH05    scalar data
 MTH06    scalar data
 MTH07    scalar data
 MTH08    scalar data
 MTH09    scalar data
 MTH10    scalar data
 MTH11    scalar data
 MTH12    scalar data
 MTHMAX   scalar data
 MTHMIN   scalar data
 MPCMN    scalar data
 MTTGAIN  scalar data
Neutron:
 NEU      scalar data
 NPOR     scalar data
Cement Bond:
 AMP3     scalar data
 TT3      scalar data
 BONDIX   scalar data
 PPT      scalar variable
 CBL3     waveform data
 CBL3LG   scalar data
 CBL3HG   scalar data
 CBL5     waveform data
 CBL5LG   scalar data
 CBL5HG   scalar data
Segmented Cement Bond:
 SECTORS  waveform data
 AMPMIN   scalar   data
 AMPMAX   scalar   data
 AMPAVG   scalar   data
 AMP3FT   scalar   data
 WVF3FT   waveform data
 WVF5FT   waveform data
 WVFCAL   waveform data
 WVFS1    waveform data
 WVFS2    waveform data
 WVFS3    waveform data
 WVFS4    waveform data
 WVFS5    waveform data
 WVFS6    waveform data
 WVFS7    waveform data
 WVFS8    waveform data
 AMPCAL   scalar   data
 AMP3FT   scalar   data
 AMPS1    scalar   data
 AMPS2    scalar   data
 AMPS3    scalar   data
 AMPS4    scalar   data
 AMPS5    scalar   data
 AMPS6    scalar   data
 AMPS7    scalar   data
 AMPS8    scalar   data
 TT3FT    scalar   data
 TTCAL    scalar   data
 TT5FT    scalar   data
 TTS1     scalar   data
 TTS2     scalar   data
 TTS3     scalar   data
 TTS4     scalar   data
 TTS5     scalar   data
 TTS6     scalar   data
 TTS7     scalar   data
 TTS8     scalar   data
 CBLROT   scalar   data
 CBLTEMP  scalar   data
Compensated Cement Bond:
 AMPT1R1  scalar data
 AMPT2R1  scalar data
 AMPT1R2  scalar data
 AMPT2R2  scalar data
 AMPCALP  scalar data
 AMPT1R3  scalar data
 TTT1R1   scalar data
 WVFT1R1  waveform data
 WVFT2R1  waveform data
 WVFT1R2  waveform data
 WVFT2R2  waveform data
 WVFCALP  waveform data
 WVFT1R3  waveform data
 ATTEN    scalar data
Tracer:
 DET1     scalar data
 DET2     scalar data
 EJECT    scalar data
 FLOWVEL  scalar data
 FLOWTRC  scalar data
 DV       scalar data
 DT       scalar data
Gravel Pack:
 GPNEAR   scalar data
 GPFAR    scalar data
 SCNEAR   scalar data
 PACK     scalar data
 GPC      scalar data
Density:
 RHOB     scalar data
 RHOC     scalar data
 DPOR     scalar data
 DCAL     scalar data
 MATRXDEN scalar variable
 FLUIDDEN scalar variable
Microlog:
 MN       scalar data 
 MI       scalar data
 MCAL     scalar data
Dual Induction:
 RILD     scalar data
 RILM     scalar data
 RLL3     scalar data
 CILD     scalar data
 CILM     scalar data
 SP       scalar data
 SPSHIFT  scalar variable
 SNDERR   scalar variable
Induction:
 DIC      scalar data
 DIR      scalar data
 SN       scalar data
 SP       scalar data
 SPSHIFT  scalar variable
 SNDERR   scalar variable
Sonic:
 TT1      scalar data
 TT2      scalar data
 TT3      scalar data
 TT4      scalar data
 DT       scalar data
 SPOR     scalar data
 ITT      scalar data
 SVMATRIX scalar variable
 SVFLUID  scalar variable
 COMPACT  scalar variable
 WVF1     waveform data
 WVF2     waveform data
 WVF3     waveform data
 WVF4     waveform data
Compensated Neutron:
 CNLS     scalar data
 CNSS     scalar data
 CNDL     scalar data
 CNAD     scalar data
 CNRAT    scalar data
 CNLSP    scalar data
 CNSSP    scalar data
 CNLSC    scalar data
 CNSSC    scalar data
Noise:
 200HZ    scalar data
 600HZ    scalar data
 1000HZ   scalar data
 2000HZ   scalar data
Multi-Arm Caliper:
 MIN      scalar data
 MAX      scalar data
 MINRW    scalar data
 MAXRW    scalar data
 MINAPIWALL scalar variable
 NOMAPIWALL scalar variable
