
[1-0]

Title=Standard 3 Track Linear

[1-1]

type=grid
style=1x10
left_pos=0
right_pos=30
color=gray

[1-2]

type=grid
style=1x10
left_pos=40
right_pos=70
color=gray

[1-3]

type=grid
style=1x10
left_pos=70
right_pos=100
color=gray

[1-4]

type=grid
style=0x0
left_pos=40
right_pos=100
color=gray

[1-5]

type=grid
style=0x0
left_pos=30
right_pos=40
color=gray

[2-0]

Title=3 Track Linear, Track 3 Clear

[2-1]

type=grid
style=1x10
left_pos=0
right_pos=30
color=gray

[2-2]

type=grid
style=1x10
left_pos=40
right_pos=70
color=gray

[2-3]

type=grid
style=1x0
left_pos=70
right_pos=100
color=gray

[2-4]

type=grid
style=0x0
left_pos=30
right_pos=40
color=gray

[3-0]

Title=3 Track Linear, Tracks 2 && 3 Clear

[3-1]

type=grid
style=1x10
left_pos=0
right_pos=30
color=gray

[3-2]

type=grid
style=1x0
left_pos=40
right_pos=70
color=gray

[3-3]

type=grid
style=1x0
left_pos=70
right_pos=100
color=gray

[3-4]

type=grid
style=0x0
left_pos=30
right_pos=40
color=gray

[4-0]

Title=4 Decade Log (from 2)

[4-1]

type=grid
style=1x10
left_pos=0
right_pos=30
color=gray

[4-2]

type=grid
style=4x10log2
left_pos=40
right_pos=100
color=gray

[4-3]

type=grid
style=0x0
left_pos=30
right_pos=40
color=gray

[5-0]

Title=4 Decade Log (from 1)

[5-1]

type=grid
style=1x10
left_pos=0
right_pos=30
color=gray

[5-2]

type=grid
style=4x10log1
left_pos=40
right_pos=100
color=gray

[5-3]

type=grid
style=0x0
left_pos=30
right_pos=40
color=gray

[6-0]

Title=Lin-Log Hybrid (from 2)

[6-1]

type=grid
style=1x10
left_pos=0
right_pos=30
color=gray

[6-2]

type=grid
style=2x10log2
left_pos=40
right_pos=70
color=gray

[6-3]

type=grid
style=1x10
left_pos=70
right_pos=100
color=gray

[6-4]

type=grid
style=0x0
left_pos=30
right_pos=40
color=gray

[6-5]

type=grid
style=0x0
left_pos=85
right_pos=100
color=gray

[7-0]

Title=Lin-Log Hybrid (from 1)

[7-1]

type=grid
style=1x10
left_pos=0
right_pos=30
color=gray

[7-2]

type=grid
style=2x10log1
left_pos=40
right_pos=70
color=gray

[7-3]

type=grid
style=1x10
left_pos=70
right_pos=100
color=gray

[7-4]

type=grid
style=0x0
left_pos=30
right_pos=40
color=gray

[7-5]

type=grid
style=0x0
left_pos=85
right_pos=100
color=gray

[8-0]

Title=3 Track All Clear

[8-1]

type=grid
style=1x0
left_pos=0
right_pos=30
color=gray

[8-2]

type=grid
style=1x0
left_pos=40
right_pos=70
color=gray

[8-3]

type=grid
style=1x0
left_pos=70
right_pos=100
color=gray

[8-4]

type=grid
style=0x0
left_pos=30
right_pos=40
color=gray

[8-5]

type=grid
style=0x0
left_pos=40
right_pos=100
color=gray

[9-0]

Title=Track 4 Clear

[9-1]

type=grid
style=1x10
left_pos=0
right_pos=30
color=gray

[9-2]

type=grid
style=0x0
left_pos=30
right_pos=40
color=gray

[9-3]

type=grid
style=1x0
left_pos=40
right_pos=100
color=gray

[10-0]

Title=3 Wide, Depth on left

[10-1]

type=grid
style=0x0
left_pos=0
right_pos=10
color=gray

[10-2]

type=grid
style=1x10
left_pos=10
right_pos=40
color=gray

[10-3]

type=grid
style=1x10
left_pos=40
right_pos=70
color=gray

[10-4]

type=grid
style=1x10
left_pos=70
right_pos=100
color=gray

[10-5]

type=grid
style=0x0
left_pos=10
right_pos=100
color=gray

[11-0]

Title=4 Wide, Depth on left

[11-1]

type=grid
style=1x0
left_pos=0
right_pos=10
color=gray

[11-2]

type=grid
style=1x10
left_pos=10
right_pos=32.5
color=gray

[11-3]

type=grid
style=1x10
left_pos=32.5
right_pos=55
color=gray

[11-4]

type=grid
style=1x10
left_pos=55
right_pos=77.5
color=gray

[11-5]

type=grid
style=1x0
left_pos=77.5
right_pos=100
color=gray

[12-0]

Title=3 Track Linear, Track 1 Split

[12-1]

type=grid
style=1x10
left_pos=0
right_pos=30
color=gray

[12-2]

type=grid
style=1x10
left_pos=40
right_pos=70
color=gray

[12-3]

type=grid
style=1x10
left_pos=70
right_pos=100
color=gray

[12-4]

type=grid
style=0x0
left_pos=40
right_pos=100
color=gray

[12-5]

type=grid
style=0x0
left_pos=30
right_pos=40
color=gray

[12-6]

type=grid
style=0x0
left_pos=0
right_pos=15
color=gray

[12-7]

type=grid
style=0x0
left_pos=15
right_pos=30
color=gray

[13-0]

Title=Linear Resistivity

[13-1]

type=grid
style=1x10
left_pos=0
right_pos=30
color=gray

[13-2]

type=grid
style=1x10
left_pos=40
right_pos=70
color=gray

[13-3]

type=grid
style=1x10
left_pos=70
right_pos=100
color=gray

[13-4]

type=grid
style=0x0
left_pos=40
right_pos=100
color=gray

[13-5]

type=grid
style=0x0
left_pos=30
right_pos=40
color=gray

[13-6]

type=grid
style=0x0
left_pos=43
right_pos=70
color=gray

[14-0]

Title=API Linear + Track 2 Split

[14-1]

type=grid
style=1x10
left_pos=0
right_pos=30
color=gray

[14-2]

type=grid
style=1x10
left_pos=40
right_pos=70
color=gray

[14-3]

type=grid
style=1x10
left_pos=70
right_pos=100
color=gray

[14-4]

type=grid
style=0x0
left_pos=40
right_pos=100
color=gray

[14-5]

type=grid
style=0x0
left_pos=30
right_pos=40
color=gray

[14-6]

type=grid
style=0x0
left_pos=40
right_pos=55
color=gray

[14-7]

type=grid
style=0x0
left_pos=55
right_pos=70
color=gray

[15-0]

Title=4 Clear Wide, Depth on left

[15-1]

type=grid
style=1x0
left_pos=0
right_pos=10
color=gray

[15-2]

type=grid
style=1x0
left_pos=10
right_pos=32.5
color=gray

[15-3]

type=grid
style=1x0
left_pos=32.5
right_pos=55
color=gray

[15-4]

type=grid
style=1x0
left_pos=55
right_pos=77.5
color=gray

[15-5]

type=grid
style=1x0
left_pos=77.5
right_pos=100
color=gray

[16-0]

Title=Gravel Pack

[16-1]

type=grid
style=1x10
left_pos=0
right_pos=30
color=gray

[16-2]

type=grid
style=1x10
left_pos=40
right_pos=70
color=gray

[16-3]

type=grid
style=1x10
left_pos=70
right_pos=100
color=gray

[16-4]

type=grid
style=0x0
left_pos=40
right_pos=100
color=gray

[16-5]

type=grid
style=0x0
left_pos=30
right_pos=40
color=gray

[16-6]

type=grid
style=0x0
left_pos=30
right_pos=34.5
color=gray

[16-7]

type=grid
style=0x0
left_pos=35.5
right_pos=40
color=gray

[17-0]

Title=Half Width 3 Track Linear

[17-1]

type=grid
style=1x10
left_pos=0
right_pos=15
color=gray

[17-2]

type=grid
style=1x10
left_pos=20
right_pos=35
color=gray

[17-3]

type=grid
style=1x10
left_pos=35
right_pos=50
color=gray

[17-4]

type=grid
style=0x0
left_pos=20
right_pos=50
color=gray

[17-5]

type=grid
style=0x0
left_pos=15
right_pos=20
color=gray

[18-0]

Title=Depth + 5 Linear

[18-1]

type=grid
style=1x0
left_pos=0
right_pos=10
color=gray

[18-2]

type=grid
style=1x10
left_pos=10
right_pos=28
color=gray

[18-3]

type=grid
style=1x10
left_pos=28
right_pos=46
color=gray

[18-4]

type=grid
style=1x10
left_pos=46
right_pos=64
color=gray

[18-5]

type=grid
style=1x10
left_pos=64
right_pos=82
color=gray

[18-6]

type=grid
style=1x10
left_pos=82
right_pos=100
color=gray

[19-0]

Title=5 Track Sector Bond

[19-1]

type=grid
style=1x0
left_pos=0
right_pos=10
color=gray

[19-2]

type=grid
style=1x5
left_pos=10
right_pos=28
color=gray

[19-3]

type=grid
style=1x5
left_pos=28
right_pos=46
color=gray

[19-4]

type=grid
style=1x5
left_pos=46
right_pos=64
color=gray

[19-5]

type=grid
style=1x0
left_pos=64
right_pos=82
color=gray

[19-6]

type=grid
style=1x0
left_pos=82
right_pos=100
color=gray

[20-0]

Title=Star-Jet

[20-1]

type=grid
style=1x10
left_pos=0
right_pos=22.5
color=gray

[20-2]

type=grid
style=1x0
left_pos=22.5
right_pos=32.5
color=gray

[20-3]

type=grid
style=1x10
left_pos=32.5
right_pos=55
color=gray

[20-4]

type=grid
style=1x0
left_pos=55
right_pos=77.5
color=gray

[20-5]

type=grid
style=1x0
left_pos=77.5
right_pos=100
color=gray

[21-0]

Title=Depth + 4 Linear

[21-1]

type=grid
style=1x0
left_pos=0
right_pos=10
color=gray

[21-2]

type=grid
style=1x10
left_pos=10
right_pos=32.5
color=gray

[21-3]

type=grid
style=1x10
left_pos=32.5
right_pos=55
color=gray

[21-4]

type=grid
style=1x10
left_pos=55
right_pos=77.5
color=gray

[21-5]

type=grid
style=1x10
left_pos=77.5
right_pos=100
color=gray

[21-6]

type=grid
style=1x0
left_pos=10
right_pos=55
color=gray

[21-7]

type=grid
style=1x0
left_pos=55
right_pos=100
color=gray

[21-8]

type=grid
style=1x0
left_pos=10
right_pos=100
color=gray

[22-0]

Title=4 Linear + Depth

[22-1]

type=grid
style=1x10
left_pos=0
right_pos=22.5
color=gray

[22-2]

type=grid
style=1x10
left_pos=22.5
right_pos=45
color=gray

[22-3]

type=grid
style=1x10
left_pos=45
right_pos=67.5
color=gray

[22-4]

type=grid
style=1x10
left_pos=67.5
right_pos=90
color=gray

[22-5]

type=grid
style=1x0
left_pos=90
right_pos=100
color=gray

[22-6]

type=grid
style=1x0
left_pos=0
right_pos=45
color=gray

[22-7]

type=grid
style=1x0
left_pos=45
right_pos=90
color=gray

[22-8]

type=grid
style=1x0
left_pos=0
right_pos=90
color=gray

[23-0]

Title=Pipe Tally Log

[23-1]

type=grid
style=1x20
left_pos=0
right_pos=45
color=gray

[23-2]

type=grid
style=1x20
left_pos=45
right_pos=90
color=gray

[23-3]

type=grid
style=0x0
left_pos=93
right_pos=97
color=gray

[23-4]

type=grid
style=0x0
left_pos=40
right_pos=50
color=gray

[24-0]

Title=3 Cycle Log-Lin Hybrid (from 2)

[24-1]

type=grid
style=1x10
left_pos=0
right_pos=30
color=gray

[24-2]

type=grid
style=3x10log2
left_pos=40
right_pos=70
color=gray

[24-3]

type=grid
style=1x10
left_pos=70
right_pos=100
color=gray

[24-4]

type=grid
style=0x0
left_pos=30
right_pos=40
color=gray

[24-5]

type=grid
style=0x0
left_pos=85
right_pos=100
color=gray

[25-0]

Title=3 Cycle Log-Lin Hybrid (from 1)

[25-1]

type=grid
style=1x10
left_pos=0
right_pos=30
color=gray

[25-2]

type=grid
style=3x10log1
left_pos=40
right_pos=70
color=gray

[25-3]

type=grid
style=1x10
left_pos=70
right_pos=100
color=gray

[25-4]

type=grid
style=0x0
left_pos=30
right_pos=40
color=gray

[25-5]

type=grid
style=0x0
left_pos=85
right_pos=100
color=gray

[26-0]

Title=SFT

[26-1]

type=grid
style=1x10
left_pos=0
right_pos=30
color=gray

[26-2]

type=grid
style=0x0
left_pos=30
right_pos=40
color=gray

[26-3]

type=grid
style=1x5
left_pos=40
right_pos=55
color=gray

[26-4]

type=grid
style=1x5
left_pos=55
right_pos=70
color=gray

[26-5]

type=grid
style=1x5
left_pos=70
right_pos=85
color=gray

[26-6]

type=grid
style=1x5
left_pos=85
right_pos=100
color=gray

[27-0]

Title=Dipmeter

[27-1]

type=grid
style=1x10
left_pos=0
right_pos=30
color=gray

[27-2]

type=grid
style=0x0
left_pos=30
right_pos=40
color=gray

[27-3]

type=grid
style=3x5
left_pos=40
right_pos=85
color=gray

[27-4]

type=grid
style=1x5
left_pos=85
right_pos=100
color=gray

[27-5]

type=grid
style=0x0
left_pos=40
right_pos=60
color=gray

[27-6]

type=grid
style=0x0
left_pos=48.3
right_pos=68.3
color=gray

[27-7]

type=grid
style=0x0
left_pos=56.6
right_pos=76.6
color=gray

[27-8]

type=grid
style=0x0
left_pos=65
right_pos=85
color=gray

[28-0]

Title=UTT 8 Transducers - Separate Tracks

[28-1]

type=grid
style=1x5
left_pos=0
right_pos=10
color=gray

[28-2]

type=grid
style=1x5
left_pos=20
right_pos=30
color=gray

[28-3]

type=grid
style=1x5
left_pos=30
right_pos=40
color=gray

[28-4]

type=grid
style=1x5
left_pos=40
right_pos=50
color=gray

[28-5]

type=grid
style=1x5
left_pos=50
right_pos=60
color=gray

[28-6]

type=grid
style=1x5
left_pos=60
right_pos=70
color=gray

[28-7]

type=grid
style=1x5
left_pos=70
right_pos=80
color=gray

[28-8]

type=grid
style=1x5
left_pos=80
right_pos=90
color=gray

[28-9]

type=grid
style=1x5
left_pos=90
right_pos=100
color=gray

[28-10]

type=grid
style=0x0
left_pos=10
right_pos=20
color=gray

[29-0]

Title=UTT 8 Transducers - Combined Tracks

[29-1]

type=grid
style=1x10
left_pos=0
right_pos=18
color=gray

[29-2]

type=grid
style=1x10
left_pos=28
right_pos=46
color=gray

[29-3]

type=grid
style=1x10
left_pos=46
right_pos=64
color=gray

[29-4]

type=grid
style=1x10
left_pos=64
right_pos=82
color=gray

[29-5]

type=grid
style=1x10
left_pos=82
right_pos=100
color=gray

[29-6]

type=grid
style=0x0
left_pos=18
right_pos=28
color=gray

[30-0]

Title=UTT 6 Transducers - Separate Tracks

[30-1]

type=grid
style=1x5
left_pos=0
right_pos=12
color=gray

[30-2]

type=grid
style=1x5
left_pos=22
right_pos=35
color=gray

[30-3]

type=grid
style=1x5
left_pos=35
right_pos=48
color=gray

[30-4]

type=grid
style=1x5
left_pos=48
right_pos=61
color=gray

[30-5]

type=grid
style=1x5
left_pos=61
right_pos=74
color=gray

[30-6]

type=grid
style=1x5
left_pos=74
right_pos=87
color=gray

[30-7]

type=grid
style=1x5
left_pos=87
right_pos=100
color=gray

[30-8]

type=grid
style=0x0
left_pos=12
right_pos=22
color=gray

[31-0]

Title=UTT 6 Transducers - Combined Tracks

[31-1]

type=grid
style=1x10
left_pos=0
right_pos=21
color=gray

[31-2]

type=grid
style=1x10
left_pos=31
right_pos=54
color=gray

[31-3]

type=grid
style=1x10
left_pos=54
right_pos=77
color=gray

[31-4]

type=grid
style=1x10
left_pos=77
right_pos=100
color=gray

[31-5]

type=grid
style=0x0
left_pos=21
right_pos=31
color=gray



